******************************************************************************
                  TI ARM Linker PC v20.2.7                     
******************************************************************************
>> Linked Fri Feb  7 21:24:12 2025

OUTPUT FILE NAME:   <AUTOSAR_PORT_DIO_DRIVER_PROJECT.out>
ENTRY POINT SYMBOL: "_c_int00_noargs"  address: 00001251


MEMORY CONFIGURATION

         name            origin    length      used     unused   attr    fill
----------------------  --------  ---------  --------  --------  ----  --------
  FLASH                 00000000   00040000  00001446  0003ebba  R  X
  SRAM                  20000000   00008000  00000218  00007de8  RW X


SEGMENT ALLOCATION MAP

run origin  load origin   length   init length attrs members
----------  ----------- ---------- ----------- ----- -------
00000000    00000000    0000144c   0000144c    r-x
  00000000    00000000    0000026c   0000026c    r-- .intvecs
  0000026c    0000026c    0000105a   0000105a    r-x .text
  000012c6    000012c6    0000015c   0000015c    r-- .const
  00001428    00001428    00000024   00000024    r-- .cinit
20000000    20000000    00000218   00000000    rw-
  20000000    20000000    00000200   00000000    rw- .stack
  20000200    20000200    00000018   00000000    rw- .data


SECTION ALLOCATION MAP

 output                                  attributes/
section   page    origin      length       input sections
--------  ----  ----------  ----------   ----------------
.intvecs   0    00000000    0000026c     
                  00000000    0000026c     tm4c123gh6pm_startup_ccs.obj (.intvecs)

.text      0    0000026c    0000105a     
                  0000026c    00000958     Port.obj (.text)
                  00000bc4    0000030c     Dio.obj (.text)
                  00000ed0    000000a8     Os.obj (.text)
                  00000f78    0000009c     rtsv7M4_T_le_v4SPD16_eabi.lib : memcpy_t2.asm.obj (.text)
                  00001014    0000007c     Button.obj (.text)
                  00001090    0000007c     Gpt.obj (.text)
                  0000110c    00000068     rtsv7M4_T_le_v4SPD16_eabi.lib : copy_decompress_lzss.c.obj (.text:decompress:lzss:__TI_decompress_lzss)
                  00001174    00000058     App.obj (.text)
                  000011cc    00000044     rtsv7M4_T_le_v4SPD16_eabi.lib : autoinit.c.obj (.text:__TI_auto_init_nobinit_nopinit:__TI_auto_init_nobinit_nopinit)
                  00001210    0000003e     Led.obj (.text)
                  0000124e    00000002     --HOLE-- [fill = 0]
                  00001250    00000034     rtsv7M4_T_le_v4SPD16_eabi.lib : boot_cortex_m.c.obj (.text:_c_int00_noargs:_c_int00_noargs)
                  00001284    00000016     Det.obj (.text)
                  0000129a    0000000e     rtsv7M4_T_le_v4SPD16_eabi.lib : copy_decompress_none.c.obj (.text:decompress:none:__TI_decompress_none)
                  000012a8    0000000c     tm4c123gh6pm_startup_ccs.obj (.text)
                  000012b4    0000000a     main.obj (.text)
                  000012be    00000004     rtsv7M4_T_le_v4SPD16_eabi.lib : pre_init.c.obj (.text:_system_pre_init)
                  000012c2    00000004                                   : exit.c.obj (.text:abort:abort)

.const     0    000012c6    0000015c     
                  000012c6    00000158     Port_PBcfg.obj (.const:Port_PinConfiguration)
                  0000141e    00000004     Dio_PBcfg.obj (.const:Dio_Configuration)

.cinit     0    00001428    00000024     
                  00001428    00000011     (.cinit..data.load) [load image, compression = lzss]
                  00001439    00000003     --HOLE-- [fill = 0]
                  0000143c    00000008     (__TI_handler_table)
                  00001444    00000008     (__TI_cinit_table)

.init_array 
*          0    00000000    00000000     UNINITIALIZED

.data      0    20000200    00000018     UNINITIALIZED
                  20000200    00000008     Port.obj (.data)
                  20000208    00000005     Dio.obj (.data)
                  2000020d    00000003     Button.obj (.data)
                  20000210    00000004     Gpt.obj (.data)
                  20000214    00000002     App.obj (.data)
                  20000216    00000002     Os.obj (.data)

.stack     0    20000000    00000200     UNINITIALIZED
                  20000000    00000004     rtsv7M4_T_le_v4SPD16_eabi.lib : boot_cortex_m.c.obj (.stack)
                  20000004    000001fc     --HOLE--

__llvm_prf_cnts 
*          0    20000000    00000000     UNINITIALIZED

MODULE SUMMARY

       Module                         code   ro data   rw data
       ------                         ----   -------   -------
    .\
       tm4c123gh6pm_startup_ccs.obj   12     620       0      
    +--+------------------------------+------+---------+---------+
       Total:                         12     620       0      
                                                              
    .\API\
       App.obj                        88     0         2      
    +--+------------------------------+------+---------+---------+
       Total:                         88     0         2      
                                                              
    .\ECUAL\BUTTON\
       Button.obj                     124    0         3      
    +--+------------------------------+------+---------+---------+
       Total:                         124    0         3      
                                                              
    .\ECUAL\LED\
       Led.obj                        62     0         0      
    +--+------------------------------+------+---------+---------+
       Total:                         62     0         0      
                                                              
    .\MCAL\DIO\
       Dio.obj                        780    0         5      
       Dio_PBcfg.obj                  0      4         0      
    +--+------------------------------+------+---------+---------+
       Total:                         780    4         5      
                                                              
    .\MCAL\GPT\
       Gpt.obj                        124    0         4      
    +--+------------------------------+------+---------+---------+
       Total:                         124    0         4      
                                                              
    .\MCAL\PORT\
       Port.obj                       2392   0         8      
       Port_PBcfg.obj                 0      344       0      
    +--+------------------------------+------+---------+---------+
       Total:                         2392   344       8      
                                                              
    .\SERVICE\
       main.obj                       10     0         0      
    +--+------------------------------+------+---------+---------+
       Total:                         10     0         0      
                                                              
    .\SERVICE\DET\
       Det.obj                        22     0         0      
    +--+------------------------------+------+---------+---------+
       Total:                         22     0         0      
                                                              
    .\SERVICE\OS\
       Os.obj                         168    0         2      
    +--+------------------------------+------+---------+---------+
       Total:                         168    0         2      
                                                              
    C:\ti\ccs1281\ccs\tools\compiler\ti-cgt-arm_20.2.7.LTS\lib\rtsv7M4_T_le_v4SPD16_eabi.lib
       memcpy_t2.asm.obj              156    0         0      
       copy_decompress_lzss.c.obj     104    0         0      
       autoinit.c.obj                 68     0         0      
       boot_cortex_m.c.obj            52     0         0      
       copy_decompress_none.c.obj     14     0         0      
       exit.c.obj                     4      0         0      
       pre_init.c.obj                 4      0         0      
    +--+------------------------------+------+---------+---------+
       Total:                         402    0         0      
                                                              
       Stack:                         0      0         512    
       Linker Generated:              0      33        0      
    +--+------------------------------+------+---------+---------+
       Grand Total:                   4184   1001      536    


LINKER GENERATED COPY TABLES

__TI_cinit_table @ 00001444 records: 1, size/record: 8, table size: 8
	.data: load addr=00001428, load size=00000011 bytes, run addr=20000200, run size=00000018 bytes, compression=lzss


LINKER GENERATED HANDLER TABLE

__TI_handler_table @ 0000143c records: 2, size/record: 4, table size: 8
	index: 0, handler: __TI_decompress_lzss
	index: 1, handler: __TI_decompress_none


GLOBAL SYMBOLS: SORTED ALPHABETICALLY BY Name 

address   name                          
-------   ----                          
00001195  App_Task                      
00001015  Button_GetState               
0000101b  Button_RefreshState           
00001185  Button_Task                   
000012c3  C$$EXIT                       
00001285  Det_ReportError               
0000141e  Dio_Configuration             
00000da3  Dio_FlipChannel               
00000bc5  Dio_Init                      
00000cc9  Dio_ReadChannel               
00000be9  Dio_WriteChannel              
00001175  Init_Task                     
00001229  Led_RefreshOutput             
0000121d  Led_SetOff                    
00001211  Led_SetOn                     
0000118d  Led_Task                      
00001241  Led_Toggle                    
00000eeb  Os_NewTimerTick               
00000efb  Os_Scheduler                  
00000ed1  Os_start                      
00000903  Port_GetVersionInfo           
0000026d  Port_Init                     
000012c6  Port_PinConfiguration         
000007e3  Port_RefreshPortDirection     
000006d5  Port_SetPinDirection          
00000949  Port_SetPinMode               
000012a9  ResetISR                      
00001091  SysTick_Handler               
000010e9  SysTick_SetCallBack           
000010a1  SysTick_Start                 
000010e1  SysTick_Stop                  
20000200  __STACK_END                   
00000200  __STACK_SIZE                  
20000200  __STACK_TOP                   
00001444  __TI_CINIT_Base               
0000144c  __TI_CINIT_Limit              
0000143c  __TI_Handler_Table_Base       
00001444  __TI_Handler_Table_Limit      
000011cd  __TI_auto_init_nobinit_nopinit
0000110d  __TI_decompress_lzss          
0000129b  __TI_decompress_none          
ffffffff  __TI_pprof_out_hndl           
ffffffff  __TI_prof_data_size           
ffffffff  __TI_prof_data_start          
00000000  __TI_static_base__            
00000f79  __aeabi_memcpy                
00000f79  __aeabi_memcpy4               
00000f79  __aeabi_memcpy8               
ffffffff  __binit__                     
ffffffff  __c_args__                    
UNDEFED   __mpu_init                    
20000000  __stack                       
20000000  __start___llvm_prf_cnts       
20000000  __stop___llvm_prf_cnts        
00001251  _c_int00_noargs               
UNDEFED   _system_post_cinit            
000012bf  _system_pre_init              
000012c3  abort                         
ffffffff  binit                         
00000000  g_pfnVectors                  
000012b5  main                          
00000f79  memcpy                        


GLOBAL SYMBOLS: SORTED BY Symbol Address 

address   name                          
-------   ----                          
00000000  __TI_static_base__            
00000000  g_pfnVectors                  
00000200  __STACK_SIZE                  
0000026d  Port_Init                     
000006d5  Port_SetPinDirection          
000007e3  Port_RefreshPortDirection     
00000903  Port_GetVersionInfo           
00000949  Port_SetPinMode               
00000bc5  Dio_Init                      
00000be9  Dio_WriteChannel              
00000cc9  Dio_ReadChannel               
00000da3  Dio_FlipChannel               
00000ed1  Os_start                      
00000eeb  Os_NewTimerTick               
00000efb  Os_Scheduler                  
00000f79  __aeabi_memcpy                
00000f79  __aeabi_memcpy4               
00000f79  __aeabi_memcpy8               
00000f79  memcpy                        
00001015  Button_GetState               
0000101b  Button_RefreshState           
00001091  SysTick_Handler               
000010a1  SysTick_Start                 
000010e1  SysTick_Stop                  
000010e9  SysTick_SetCallBack           
0000110d  __TI_decompress_lzss          
00001175  Init_Task                     
00001185  Button_Task                   
0000118d  Led_Task                      
00001195  App_Task                      
000011cd  __TI_auto_init_nobinit_nopinit
00001211  Led_SetOn                     
0000121d  Led_SetOff                    
00001229  Led_RefreshOutput             
00001241  Led_Toggle                    
00001251  _c_int00_noargs               
00001285  Det_ReportError               
0000129b  __TI_decompress_none          
000012a9  ResetISR                      
000012b5  main                          
000012bf  _system_pre_init              
000012c3  C$$EXIT                       
000012c3  abort                         
000012c6  Port_PinConfiguration         
0000141e  Dio_Configuration             
0000143c  __TI_Handler_Table_Base       
00001444  __TI_CINIT_Base               
00001444  __TI_Handler_Table_Limit      
0000144c  __TI_CINIT_Limit              
20000000  __stack                       
20000000  __start___llvm_prf_cnts       
20000000  __stop___llvm_prf_cnts        
20000200  __STACK_END                   
20000200  __STACK_TOP                   
ffffffff  __TI_pprof_out_hndl           
ffffffff  __TI_prof_data_size           
ffffffff  __TI_prof_data_start          
ffffffff  __binit__                     
ffffffff  __c_args__                    
ffffffff  binit                         
UNDEFED   __mpu_init                    
UNDEFED   _system_post_cinit            

[62 symbols]
